<?xml version="1.0" encoding="UTF-8"?>
<TestRun id="1586b561-c421-4dd5-b198-d914b78ee7b0" name="Gus@GUS-PC 2015-05-26 21:57:35" runUser="Gus-PC\Gus" xmlns="http://microsoft.com/schemas/VisualStudio/TeamTest/2010">
  <TestSettings name="Local" id="7fbd46a3-fec7-4cea-9afd-c8eb2812b437">
    <Description>These are default test settings for a local test run.</Description>
    <Deployment enabled="false" runDeploymentRoot="Gus_GUS-PC 2015-05-26 21_57_35">
      <DeploymentItem filename="G:\Xamarin Studio\ServicioWebRest\ServicioWebRest\bin\ServicioWebRest.dll" />
    </Deployment>
    <Execution>
      <TestTypeSpecific />
      <AgentRule name="Execution Agents">
      </AgentRule>
    </Execution>
  </TestSettings>
  <Times creation="2015-05-26T21:57:35.6359801-03:00" queuing="2015-05-26T21:57:35.7979894-03:00" start="2015-05-26T21:57:35.8079899-03:00" finish="2015-05-26T21:57:38.3051328-03:00" />
  <ResultSummary outcome="Failed">
    <Counters total="1" executed="1" error="0" failed="1" timeout="0" aborted="0" inconclusive="0" passedButRunAborted="0" notRunnable="0" notExecuted="0" disconnected="0" warning="0" passed="0" completed="0" inProgress="0" pending="0" />
  </ResultSummary>
  <TestDefinitions>
    <UnitTest name="conexaoAbrirTest" storage="g:\xamarin studio\serviciowebrest\testproject\bin\debug\testproject.dll" id="3a9ac8dd-88c7-8487-a843-d65ccc6d8bc2">
      <Execution id="9a433ae9-6e6a-4c03-b7f4-a71379e2e18b" />
      <TestMethod codeBase="G:/Xamarin Studio/ServicioWebRest/TestProject/bin/Debug/TestProject.DLL" adapterTypeName="Microsoft.VisualStudio.TestTools.TestTypes.Unit.UnitTestAdapter, Microsoft.VisualStudio.QualityTools.Tips.UnitTest.Adapter, Version=10.0.0.0, Culture=neutral, PublicKeyToken=b03f5f7f11d50a3a" className="TestProject.ConectionStringTest, TestProject, Version=1.0.0.0, Culture=neutral, PublicKeyToken=null" name="conexaoAbrirTest" />
      <AspNet webSiteUrl="http://localhost/RestService/">
        <Host pathToWebApp="G:\Xamarin Studio\ServicioWebRest\ServicioWebRest" webAppRoot="/" />
      </AspNet>
    </UnitTest>
  </TestDefinitions>
  <TestLists>
    <TestList name="Results Not in a List" id="8c84fa94-04c1-424b-9868-57a2d4851a1d" />
    <TestList name="All Loaded Results" id="19431567-8539-422a-85d7-44ee4e166bda" />
  </TestLists>
  <TestEntries>
    <TestEntry testId="3a9ac8dd-88c7-8487-a843-d65ccc6d8bc2" executionId="9a433ae9-6e6a-4c03-b7f4-a71379e2e18b" testListId="8c84fa94-04c1-424b-9868-57a2d4851a1d" />
  </TestEntries>
  <Results>
    <UnitTestResult executionId="9a433ae9-6e6a-4c03-b7f4-a71379e2e18b" testId="3a9ac8dd-88c7-8487-a843-d65ccc6d8bc2" testName="conexaoAbrirTest" computerName="GUS-PC" startTime="2015-05-26T21:57:35.8389917-03:00" endTime="2015-05-26T21:57:38.1111217-03:00" testType="13cdc9d9-ddb5-4fa4-a97d-d965ccfc6d4b" outcome="Failed" testListId="8c84fa94-04c1-424b-9868-57a2d4851a1d" relativeResultsDirectory="9a433ae9-6e6a-4c03-b7f4-a71379e2e18b">
      <Output>
        <ErrorInfo>
          <Message>Could not connect to the Web server for page 'http://localhost:2855/RestService/'. O servidor remoto retornou um erro: (404) Não Localizado.. Check that the Web server is running and visible on the network and that the page specified exists.</Message>
        </ErrorInfo>
      </Output>
    </UnitTestResult>
  </Results>
</TestRun>